// Jest Snapshot v1, https://goo.gl/fbAQLP

exports[`Game should render like the snapshot 1`] = `
ShallowWrapper {
  Symbol(enzyme.__root__): [Circular],
  Symbol(enzyme.__unrendered__): <Game
    compilePoints={[MockFunction]}
    currentCountry={
      Object {
        "country_outline": "/images/outlines/netherlands.png",
        "created_at": "2018-12-28T12:02:21.458Z",
        "facts": Object {
          "country_fact": "Numerous dikes cover the coast of Ijsselmeer in this country",
          "country_id": 46,
          "created_at": "2018-12-28T12:02:21.951Z",
          "id": 106,
          "updated_at": "2018-12-28T12:02:21.951Z",
        },
        "flag": "/images/flags/netherlands.png",
        "id": 46,
        "multipleChoice": Array [
          "Seychelles",
          "Malawi",
          "Cambodia",
          "The Netherlands",
        ],
        "name": "The Netherlands",
        "updated_at": "2018-12-28T12:02:21.458Z",
      }
    }
    getCountry={[MockFunction]}
    totalPoints={10}
    user={
      Object {
        "id": 1,
        "loggedIn": true,
        "name": "Ben",
      }
    }
  />,
  Symbol(enzyme.__renderer__): Object {
    "batchedUpdates": [Function],
    "getNode": [Function],
    "render": [Function],
    "simulateError": [Function],
    "simulateEvent": [Function],
    "unmount": [Function],
  },
  Symbol(enzyme.__node__): Object {
    "instance": null,
    "key": undefined,
    "nodeType": "host",
    "props": Object {
      "children": Array [
        <div
          className="top-container"
        >
          <div
            className="account-area"
          >
            <div
              className="back-button"
            />
            <h5
              className="account-text"
            >
              Ben
               
              <strong>
                0
              </strong>
            </h5>
          </div>
        </div>,
        <div
          className="flag-main"
        >
          <img
            className="flag-image"
            src="https://flagz4u.herokuapp.com/images/flags/netherlands.png"
          />
        </div>,
        <div
          className="hint-button"
          onClick={[Function]}
        >
          Hints: 2
        </div>,
        Array [
          <div
            className="option-button button"
            name="Seychelles"
            onClick={[Function]}
          >
            Seychelles
          </div>,
          <div
            className="option-button button"
            name="Malawi"
            onClick={[Function]}
          >
            Malawi
          </div>,
          <div
            className="option-button button"
            name="Cambodia"
            onClick={[Function]}
          >
            Cambodia
          </div>,
          <div
            className="option-button button"
            name="The Netherlands"
            onClick={[Function]}
          >
            The Netherlands
          </div>,
        ],
        false,
        false,
      ],
      "className": "Game",
    },
    "ref": null,
    "rendered": Array [
      Object {
        "instance": null,
        "key": undefined,
        "nodeType": "host",
        "props": Object {
          "children": <div
            className="account-area"
          >
            <div
              className="back-button"
            />
            <h5
              className="account-text"
            >
              Ben
               
              <strong>
                0
              </strong>
            </h5>
          </div>,
          "className": "top-container",
        },
        "ref": null,
        "rendered": Object {
          "instance": null,
          "key": undefined,
          "nodeType": "host",
          "props": Object {
            "children": Array [
              <div
                className="back-button"
              />,
              <h5
                className="account-text"
              >
                Ben
                 
                <strong>
                  0
                </strong>
              </h5>,
            ],
            "className": "account-area",
          },
          "ref": null,
          "rendered": Array [
            Object {
              "instance": null,
              "key": undefined,
              "nodeType": "host",
              "props": Object {
                "className": "back-button",
              },
              "ref": null,
              "rendered": null,
              "type": "div",
            },
            Object {
              "instance": null,
              "key": undefined,
              "nodeType": "host",
              "props": Object {
                "children": Array [
                  "Ben",
                  " ",
                  <strong>
                    0
                  </strong>,
                ],
                "className": "account-text",
              },
              "ref": null,
              "rendered": Array [
                "Ben",
                " ",
                Object {
                  "instance": null,
                  "key": undefined,
                  "nodeType": "host",
                  "props": Object {
                    "children": 0,
                  },
                  "ref": null,
                  "rendered": 0,
                  "type": "strong",
                },
              ],
              "type": "h5",
            },
          ],
          "type": "div",
        },
        "type": "div",
      },
      Object {
        "instance": null,
        "key": undefined,
        "nodeType": "host",
        "props": Object {
          "children": <img
            className="flag-image"
            src="https://flagz4u.herokuapp.com/images/flags/netherlands.png"
          />,
          "className": "flag-main",
        },
        "ref": null,
        "rendered": Object {
          "instance": null,
          "key": undefined,
          "nodeType": "host",
          "props": Object {
            "className": "flag-image",
            "src": "https://flagz4u.herokuapp.com/images/flags/netherlands.png",
          },
          "ref": null,
          "rendered": null,
          "type": "img",
        },
        "type": "div",
      },
      Object {
        "instance": null,
        "key": undefined,
        "nodeType": "host",
        "props": Object {
          "children": "Hints: 2",
          "className": "hint-button",
          "onClick": [Function],
        },
        "ref": null,
        "rendered": "Hints: 2",
        "type": "div",
      },
      Object {
        "instance": null,
        "key": "Seychelles",
        "nodeType": "host",
        "props": Object {
          "children": "Seychelles",
          "className": "option-button button",
          "name": "Seychelles",
          "onClick": [Function],
        },
        "ref": null,
        "rendered": "Seychelles",
        "type": "div",
      },
      Object {
        "instance": null,
        "key": "Malawi",
        "nodeType": "host",
        "props": Object {
          "children": "Malawi",
          "className": "option-button button",
          "name": "Malawi",
          "onClick": [Function],
        },
        "ref": null,
        "rendered": "Malawi",
        "type": "div",
      },
      Object {
        "instance": null,
        "key": "Cambodia",
        "nodeType": "host",
        "props": Object {
          "children": "Cambodia",
          "className": "option-button button",
          "name": "Cambodia",
          "onClick": [Function],
        },
        "ref": null,
        "rendered": "Cambodia",
        "type": "div",
      },
      Object {
        "instance": null,
        "key": "The Netherlands",
        "nodeType": "host",
        "props": Object {
          "children": "The Netherlands",
          "className": "option-button button",
          "name": "The Netherlands",
          "onClick": [Function],
        },
        "ref": null,
        "rendered": "The Netherlands",
        "type": "div",
      },
      false,
      false,
    ],
    "type": "div",
  },
  Symbol(enzyme.__nodes__): Array [
    Object {
      "instance": null,
      "key": undefined,
      "nodeType": "host",
      "props": Object {
        "children": Array [
          <div
            className="top-container"
          >
            <div
              className="account-area"
            >
              <div
                className="back-button"
              />
              <h5
                className="account-text"
              >
                Ben
                 
                <strong>
                  0
                </strong>
              </h5>
            </div>
          </div>,
          <div
            className="flag-main"
          >
            <img
              className="flag-image"
              src="https://flagz4u.herokuapp.com/images/flags/netherlands.png"
            />
          </div>,
          <div
            className="hint-button"
            onClick={[Function]}
          >
            Hints: 2
          </div>,
          Array [
            <div
              className="option-button button"
              name="Seychelles"
              onClick={[Function]}
            >
              Seychelles
            </div>,
            <div
              className="option-button button"
              name="Malawi"
              onClick={[Function]}
            >
              Malawi
            </div>,
            <div
              className="option-button button"
              name="Cambodia"
              onClick={[Function]}
            >
              Cambodia
            </div>,
            <div
              className="option-button button"
              name="The Netherlands"
              onClick={[Function]}
            >
              The Netherlands
            </div>,
          ],
          false,
          false,
        ],
        "className": "Game",
      },
      "ref": null,
      "rendered": Array [
        Object {
          "instance": null,
          "key": undefined,
          "nodeType": "host",
          "props": Object {
            "children": <div
              className="account-area"
            >
              <div
                className="back-button"
              />
              <h5
                className="account-text"
              >
                Ben
                 
                <strong>
                  0
                </strong>
              </h5>
            </div>,
            "className": "top-container",
          },
          "ref": null,
          "rendered": Object {
            "instance": null,
            "key": undefined,
            "nodeType": "host",
            "props": Object {
              "children": Array [
                <div
                  className="back-button"
                />,
                <h5
                  className="account-text"
                >
                  Ben
                   
                  <strong>
                    0
                  </strong>
                </h5>,
              ],
              "className": "account-area",
            },
            "ref": null,
            "rendered": Array [
              Object {
                "instance": null,
                "key": undefined,
                "nodeType": "host",
                "props": Object {
                  "className": "back-button",
                },
                "ref": null,
                "rendered": null,
                "type": "div",
              },
              Object {
                "instance": null,
                "key": undefined,
                "nodeType": "host",
                "props": Object {
                  "children": Array [
                    "Ben",
                    " ",
                    <strong>
                      0
                    </strong>,
                  ],
                  "className": "account-text",
                },
                "ref": null,
                "rendered": Array [
                  "Ben",
                  " ",
                  Object {
                    "instance": null,
                    "key": undefined,
                    "nodeType": "host",
                    "props": Object {
                      "children": 0,
                    },
                    "ref": null,
                    "rendered": 0,
                    "type": "strong",
                  },
                ],
                "type": "h5",
              },
            ],
            "type": "div",
          },
          "type": "div",
        },
        Object {
          "instance": null,
          "key": undefined,
          "nodeType": "host",
          "props": Object {
            "children": <img
              className="flag-image"
              src="https://flagz4u.herokuapp.com/images/flags/netherlands.png"
            />,
            "className": "flag-main",
          },
          "ref": null,
          "rendered": Object {
            "instance": null,
            "key": undefined,
            "nodeType": "host",
            "props": Object {
              "className": "flag-image",
              "src": "https://flagz4u.herokuapp.com/images/flags/netherlands.png",
            },
            "ref": null,
            "rendered": null,
            "type": "img",
          },
          "type": "div",
        },
        Object {
          "instance": null,
          "key": undefined,
          "nodeType": "host",
          "props": Object {
            "children": "Hints: 2",
            "className": "hint-button",
            "onClick": [Function],
          },
          "ref": null,
          "rendered": "Hints: 2",
          "type": "div",
        },
        Object {
          "instance": null,
          "key": "Seychelles",
          "nodeType": "host",
          "props": Object {
            "children": "Seychelles",
            "className": "option-button button",
            "name": "Seychelles",
            "onClick": [Function],
          },
          "ref": null,
          "rendered": "Seychelles",
          "type": "div",
        },
        Object {
          "instance": null,
          "key": "Malawi",
          "nodeType": "host",
          "props": Object {
            "children": "Malawi",
            "className": "option-button button",
            "name": "Malawi",
            "onClick": [Function],
          },
          "ref": null,
          "rendered": "Malawi",
          "type": "div",
        },
        Object {
          "instance": null,
          "key": "Cambodia",
          "nodeType": "host",
          "props": Object {
            "children": "Cambodia",
            "className": "option-button button",
            "name": "Cambodia",
            "onClick": [Function],
          },
          "ref": null,
          "rendered": "Cambodia",
          "type": "div",
        },
        Object {
          "instance": null,
          "key": "The Netherlands",
          "nodeType": "host",
          "props": Object {
            "children": "The Netherlands",
            "className": "option-button button",
            "name": "The Netherlands",
            "onClick": [Function],
          },
          "ref": null,
          "rendered": "The Netherlands",
          "type": "div",
        },
        false,
        false,
      ],
      "type": "div",
    },
  ],
  Symbol(enzyme.__options__): Object {
    "adapter": ReactSixteenAdapter {
      "options": Object {
        "enableComponentDidUpdateOnSetState": true,
        "lifecycles": Object {
          "componentDidUpdate": Object {
            "onSetState": true,
          },
          "getDerivedStateFromProps": true,
          "getSnapshotBeforeUpdate": true,
          "setState": Object {
            "skipsComponentDidUpdateOnNullish": true,
          },
        },
      },
    },
  },
}
`;
